../Core/Src/LCD.c:26:20:LCD_SetDataPort	16	static
../Core/Src/LCD.c:118:13:LCD_DataOut	32	static
../Core/Src/LCD.c:191:6:LCD_WriteByte	16	static
../Core/Src/LCD.c:220:6:LCD_WriteCmd	16	static
../Core/Src/LCD.c:232:6:LCD_WriteData	16	static
../Core/Src/LCD.c:247:6:LCD_Char	16	static
../Core/Src/LCD.c:255:6:LCD_String	24	static
../Core/Src/LCD.c:265:6:LCD_Int	40	static
../Core/Src/LCD.c:275:6:LCD_Hex	40	static
../Core/Src/LCD.c:288:6:LCD_DefChar	24	static
../Core/Src/LCD.c:302:6:LCD_Home	8	static
../Core/Src/LCD.c:310:6:LCD_Cursor	16	static
../Core/Src/LCD.c:321:6:LCD_Blink	16	static
../Core/Src/LCD.c:332:6:LCD_Locate	16	static
../Core/Src/LCD.c:362:6:LCD_Cls	8	static
../Core/Src/LCD.c:370:6:LCD_Init	8	static
