../Core/Src/main.c:110:5:main	8	static
../Core/Src/main.c:175:6:SystemClock_Config	88	static
../Core/Src/main.c:225:13:MX_I2C1_Init	8	static
../Core/Src/main.c:273:13:MX_TIM1_Init	40	static
../Core/Src/main.c:320:13:MX_TIM2_Init	40	static
../Core/Src/main.c:365:13:MX_TIM3_Init	48	static
../Core/Src/main.c:414:13:MX_USART3_UART_Init	8	static
../Core/Src/main.c:449:13:MX_USB_OTG_FS_PCD_Init	8	static
../Core/Src/main.c:484:13:MX_GPIO_Init	56	static
../Core/Src/main.c:580:6:HAL_UART_RxCpltCallback	16	static
../Core/Src/main.c:587:6:HAL_TIM_PeriodElapsedCallback	48	static
../Core/Src/main.c:635:6:Error_Handler	4	static,ignoring_inline_asm
